178.16.54.137 - - [10/Jul/2026:12:53:16 +0000] "GET /config/.env HTTP/1.1" 301 162 "-" "Mozilla/5.0 (Macintosh; Intel Mac OS X 10_15_7) AppleWebKit/537.36 (KHTML, like Gecko, Yokohama Institute of Information Security  https://www.iisec.ac.jp) Chrome/124.0.0.0 Safari/537.36"
104.244.74.39 - - [10/Jul/2026:12:53:16 +0000] "HEAD /.env.local HTTP/1.1" 200 0 "-" "Python/3.13 aiohttp/3.13.5"
104.244.74.39 - - [10/Jul/2026:12:53:16 +0000] "HEAD /.env.local HTTP/1.1" 200 0 "-" "Python/3.13 aiohttp/3.13.5"
104.244.74.39 - - [10/Jul/2026:12:53:17 +0000] "HEAD /.env.local HTTP/1.1" 200 0 "-" "Python/3.13 aiohttp/3.13.5"
104.244.74.39 - - [10/Jul/2026:12:53:17 +0000] "GET /.env.local HTTP/1.1" 200 884 "-" "Python/3.13 aiohttp/3.13.5"
104.244.74.39 - - [10/Jul/2026:12:53:17 +0000] "GET /.env.local HTTP/1.1" 200 884 "-" "Python/3.13 aiohttp/3.13.5"
104.244.74.39 - - [10/Jul/2026:12:53:17 +0000] "GET /.env.local HTTP/1.1" 200 884 "-" "Python/3.13 aiohttp/3.13.5"
104.244.74.39 - - [10/Jul/2026:12:53:17 +0000] "HEAD /.env.prod HTTP/1.1" 200 0 "-" "Python/3.13 aiohttp/3.13.5"
178.16.54.137 - - [10/Jul/2026:12:53:17 +0000] "GET /app/.env HTTP/1.1" 301 162 "-" "Mozilla/5.0 (Macintosh; Intel Mac OS X 10_15_7) AppleWebKit/537.36 (KHTML, like Gecko, Yokohama Institute of Information Security  https://www.iisec.ac.jp) Chrome/124.0.0.0 Safari/537.36"
104.244.74.39 - - [10/Jul/2026:12:53:17 +0000] "HEAD /.env.prod HTTP/1.1" 200 0 "-" "Python/3.13 aiohttp/3.13.5"
104.244.74.39 - - [10/Jul/2026:12:53:17 +0000] "GET /.env.prod HTTP/1.1" 200 884 "-" "Python/3.13 aiohttp/3.13.5"
104.244.74.39 - - [10/Jul/2026:12:53:17 +0000] "HEAD /.env.prod HTTP/1.1" 200 0 "-" "Python/3.13 aiohttp/3.13.5"
104.244.74.39 - - [10/Jul/2026:12:53:17 +0000] "GET /.env.prod HTTP/1.1" 200 884 "-" "Python/3.13 aiohttp/3.13.5"
104.244.74.39 - - [10/Jul/2026:12:53:17 +0000] "HEAD /.env.dev HTTP/1.1" 200 0 "-" "Python/3.13 aiohttp/3.13.5"
104.244.74.39 - - [10/Jul/2026:12:53:17 +0000] "HEAD /.env.dev HTTP/1.1" 200 0 "-" "Python/3.13 aiohttp/3.13.5"
104.244.74.39 - - [10/Jul/2026:12:53:17 +0000] "GET /.env.prod HTTP/1.1" 200 884 "-" "Python/3.13 aiohttp/3.13.5"
104.244.74.39 - - [10/Jul/2026:12:53:17 +0000] "GET /.env.dev HTTP/1.1" 200 884 "-" "Python/3.13 aiohttp/3.13.5"
104.244.74.39 - - [10/Jul/2026:12:53:17 +0000] "GET /.env.dev HTTP/1.1" 200 884 "-" "Python/3.13 aiohttp/3.13.5"
104.244.74.39 - - [10/Jul/2026:12:53:17 +0000] "HEAD /.env.dev HTTP/1.1" 200 0 "-" "Python/3.13 aiohttp/3.13.5"
178.16.54.137 - - [10/Jul/2026:12:53:18 +0000] "GET /../.env HTTP/1.1" 400 150 "-" "-"
104.244.74.39 - - [10/Jul/2026:12:53:18 +0000] "GET /.env.dev HTTP/1.1" 200 884 "-" "Python/3.13 aiohttp/3.13.5"
95.214.229.47 - - [10/Jul/2026:12:53:44 +0000] "GET / HTTP/2.0" 200 884 "-" "Mozilla/5.0 (X11; Ubuntu; Linux x86_64; rv:152.0) Gecko/20100101 Firefox/152.0"
95.214.229.47 - - [10/Jul/2026:12:53:45 +0000] "GET /assets/index-DlCymppr.css HTTP/2.0" 200 81485 "-" "Mozilla/5.0 (X11; Ubuntu; Linux x86_64; rv:152.0) Gecko/20100101 Firefox/152.0"
95.214.229.47 - - [10/Jul/2026:12:53:46 +0000] "GET /assets/index-DevFfpqR.js HTTP/2.0" 200 1389592 "-" "Mozilla/5.0 (X11; Ubuntu; Linux x86_64; rv:152.0) Gecko/20100101 Firefox/152.0"
95.214.229.47 - - [10/Jul/2026:12:53:48 +0000] "GET /assets/geist-latin-wght-normal-BgDaEnEv.woff2 HTTP/2.0" 200 29400 "-" "Mozilla/5.0 (X11; Ubuntu; Linux x86_64; rv:152.0) Gecko/20100101 Firefox/152.0"
95.214.229.47 - - [10/Jul/2026:12:53:48 +0000] "GET /api/auth/status HTTP/2.0" 200 54 "-" "Mozilla/5.0 (X11; Ubuntu; Linux x86_64; rv:152.0) Gecko/20100101 Firefox/152.0"
103.4.250.211 - - [10/Jul/2026:12:54:18 +0000] "GET / HTTP/1.1" 200 884 "-" "Mozilla/5.0 (Macintosh; Intel Mac OS X 10_15_7) AppleWebKit/537.36 (KHTML, like Gecko) Chrome/131.0.0.0 Safari/537.36"
104.164.126.50 - - [10/Jul/2026:12:54:18 +0000] "GET / HTTP/1.1" 200 884 "-" "Mozilla/5.0 (X11; Linux x86_64) AppleWebKit/537.36 (KHTML, like Gecko) Chrome/131.0.0.0 Safari/537.36"
171.22.217.169 - - [10/Jul/2026:12:54:21 +0000] "GET / HTTP/1.1" 200 884 "-" "Mozilla/5.0 (Windows NT 10.0; Win64; x64) AppleWebKit/537.36 (KHTML, like Gecko) Chrome/131.0.0.0 Safari/537.36"
171.22.217.24 - - [10/Jul/2026:12:54:21 +0000] "GET / HTTP/1.1" 200 884 "-" "Mozilla/5.0 (Windows NT 10.0; Win64; x64) AppleWebKit/537.36 (KHTML, like Gecko) Chrome/130.0.0.0 Safari/537.36"
171.22.217.24 - - [10/Jul/2026:12:54:22 +0000] "GET / HTTP/1.1" 200 884 "-" "Mozilla/5.0 (X11; Linux x86_64) AppleWebKit/537.36 (KHTML, like Gecko) Chrome/131.0.0.0 Safari/537.36"
171.22.217.24 - - [10/Jul/2026:12:54:24 +0000] "GET /assets/index-DevFfpqR.js HTTP/1.1" 200 1389592 "-" "Mozilla/5.0 (X11; Linux x86_64) AppleWebKit/537.36 (KHTML, like Gecko) Chrome/131.0.0.0 Safari/537.36"
95.214.229.47 - - [10/Jul/2026:12:54:28 +0000] "POST /api/auth/setup HTTP/2.0" 201 105 "-" "Mozilla/5.0 (X11; Ubuntu; Linux x86_64; rv:152.0) Gecko/20100101 Firefox/152.0"
104.164.126.50 - - [10/Jul/2026:12:54:28 +0000] "GET / HTTP/1.1" 200 884 "-" "Mozilla/5.0 (Macintosh; Intel Mac OS X 10_15_7) AppleWebKit/537.36 (KHTML, like Gecko) Chrome/130.0.0.0 Safari/537.36"
95.214.229.47 - - [10/Jul/2026:12:54:29 +0000] "GET /api/auth/status HTTP/2.0" 200 70 "-" "Mozilla/5.0 (X11; Ubuntu; Linux x86_64; rv:152.0) Gecko/20100101 Firefox/152.0"
95.214.229.47 - - [10/Jul/2026:12:54:29 +0000] "GET /api/auth/status HTTP/2.0" 304 0 "-" "Mozilla/5.0 (X11; Ubuntu; Linux x86_64; rv:152.0) Gecko/20100101 Firefox/152.0"
95.214.229.47 - - [10/Jul/2026:12:54:29 +0000] "GET /assets/geist-mono-latin-wght-normal-B_7UjwxQ.woff2 HTTP/2.0" 200 29896 "-" "Mozilla/5.0 (X11; Ubuntu; Linux x86_64; rv:152.0) Gecko/20100101 Firefox/152.0"
95.214.229.47 - - [10/Jul/2026:12:54:29 +0000] "GET /api/keys HTTP/2.0" 200 2 "-" "Mozilla/5.0 (X11; Ubuntu; Linux x86_64; rv:152.0) Gecko/20100101 Firefox/152.0"
95.214.229.47 - - [10/Jul/2026:12:54:29 +0000] "GET /api/analytics/summary?range=30d HTTP/2.0" 304 0 "-" "Mozilla/5.0 (X11; Ubuntu; Linux x86_64; rv:152.0) Gecko/20100101 Firefox/152.0"
95.214.229.47 - - [10/Jul/2026:12:54:29 +0000] "GET /api/settings/api-key HTTP/2.0" 200 72 "-" "Mozilla/5.0 (X11; Ubuntu; Linux x86_64; rv:152.0) Gecko/20100101 Firefox/152.0"
95.214.229.47 - - [10/Jul/2026:12:54:29 +0000] "GET /api/fallback/penalty-inspector HTTP/2.0" 200 62 "-" "Mozilla/5.0 (X11; Ubuntu; Linux x86_64; rv:152.0) Gecko/20100101 Firefox/152.0"
95.214.229.47 - - [10/Jul/2026:12:54:29 +0000] "GET /api/fallback HTTP/2.0" 200 49825 "-" "Mozilla/5.0 (X11; Ubuntu; Linux x86_64; rv:152.0) Gecko/20100101 Firefox/152.0"
95.214.229.47 - - [10/Jul/2026:12:54:29 +0000] "GET /api/fallback/token-usage HTTP/2.0" 200 43 "-" "Mozilla/5.0 (X11; Ubuntu; Linux x86_64; rv:152.0) Gecko/20100101 Firefox/152.0"
95.214.229.47 - - [10/Jul/2026:12:54:29 +0000] "GET /api/fallback/routing HTTP/2.0" 304 0 "-" "Mozilla/5.0 (X11; Ubuntu; Linux x86_64; rv:152.0) Gecko/20100101 Firefox/152.0"
104.164.126.50 - - [10/Jul/2026:12:54:32 +0000] "GET /assets/index-DevFfpqR.js HTTP/1.1" 200 1389592 "-" "Mozilla/5.0 (Macintosh; Intel Mac OS X 10_15_7) AppleWebKit/537.36 (KHTML, like Gecko) Chrome/130.0.0.0 Safari/537.36"
95.214.229.47 - - [10/Jul/2026:12:54:34 +0000] "PUT /api/fallback/routing HTTP/2.0" 200 290 "-" "Mozilla/5.0 (X11; Ubuntu; Linux x86_64; rv:152.0) Gecko/20100101 Firefox/152.0"
95.214.229.47 - - [10/Jul/2026:12:54:34 +0000] "GET /api/fallback/penalty-inspector HTTP/2.0" 200 62 "-" "Mozilla/5.0 (X11; Ubuntu; Linux x86_64; rv:152.0) Gecko/20100101 Firefox/152.0"
95.214.229.47 - - [10/Jul/2026:12:54:34 +0000] "GET /api/fallback/routing HTTP/2.0" 200 21312 "-" "Mozilla/5.0 (X11; Ubuntu; Linux x86_64; rv:152.0) Gecko/20100101 Firefox/152.0"
95.214.229.47 - - [10/Jul/2026:12:54:35 +0000] "PUT /api/fallback/routing HTTP/2.0" 200 289 "-" "Mozilla/5.0 (X11; Ubuntu; Linux x86_64; rv:152.0) Gecko/20100101 Firefox/152.0"
95.214.229.47 - - [10/Jul/2026:12:54:36 +0000] "GET /api/fallback/routing HTTP/2.0" 200 21292 "-" "Mozilla/5.0 (X11; Ubuntu; Linux x86_64; rv:152.0) Gecko/20100101 Firefox/152.0"
95.214.229.47 - - [10/Jul/2026:12:54:37 +0000] "PUT /api/fallback/routing HTTP/2.0" 200 290 "-" "Mozilla/5.0 (X11; Ubuntu; Linux x86_64; rv:152.0) Gecko/20100101 Firefox/152.0"
95.214.229.47 - - [10/Jul/2026:12:54:37 +0000] "GET /api/fallback/routing HTTP/2.0" 200 21312 "-" "Mozilla/5.0 (X11; Ubuntu; Linux x86_64; rv:152.0) Gecko/20100101 Firefox/152.0"
95.214.229.47 - - [10/Jul/2026:12:54:38 +0000] "PUT /api/fallback/routing HTTP/2.0" 200 289 "-" "Mozilla/5.0 (X11; Ubuntu; Linux x86_64; rv:152.0) Gecko/20100101 Firefox/152.0"
95.214.229.47 - - [10/Jul/2026:12:54:38 +0000] "GET /api/fallback/routing HTTP/2.0" 200 21292 "-" "Mozilla/5.0 (X11; Ubuntu; Linux x86_64; rv:152.0) Gecko/20100101 Firefox/152.0"
95.214.229.47 - - [10/Jul/2026:12:54:39 +0000] "PUT /api/fallback/routing HTTP/2.0" 200 290 "-" "Mozilla/5.0 (X11; Ubuntu; Linux x86_64; rv:152.0) Gecko/20100101 Firefox/152.0"
95.214.229.47 - - [10/Jul/2026:12:54:39 +0000] "GET /api/fallback/routing HTTP/2.0" 200 21350 "-" "Mozilla/5.0 (X11; Ubuntu; Linux x86_64; rv:152.0) Gecko/20100101 Firefox/152.0"
95.214.229.47 - - [10/Jul/2026:12:54:40 +0000] "GET /api/fallback/penalty-inspector HTTP/2.0" 200 62 "-" "Mozilla/5.0 (X11; Ubuntu; Linux x86_64; rv:152.0) Gecko/20100101 Firefox/152.0"
95.214.229.47 - - [10/Jul/2026:12:54:40 +0000] "PUT /api/fallback/routing HTTP/2.0" 200 288 "-" "Mozilla/5.0 (X11; Ubuntu; Linux x86_64; rv:152.0) Gecko/20100101 Firefox/152.0"
95.214.229.47 - - [10/Jul/2026:12:54:40 +0000] "GET /api/fallback/routing HTTP/2.0" 200 21293 "-" "Mozilla/5.0 (X11; Ubuntu; Linux x86_64; rv:152.0) Gecko/20100101 Firefox/152.0"
95.214.229.47 - - [10/Jul/2026:12:54:41 +0000] "PUT /api/fallback/routing HTTP/2.0" 200 289 "-" "Mozilla/5.0 (X11; Ubuntu; Linux x86_64; rv:152.0) Gecko/20100101 Firefox/152.0"
95.214.229.47 - - [10/Jul/2026:12:54:42 +0000] "GET /api/fallback/routing HTTP/2.0" 200 21292 "-" "Mozilla/5.0 (X11; Ubuntu; Linux x86_64; rv:152.0) Gecko/20100101 Firefox/152.0"
95.214.229.47 - - [10/Jul/2026:12:54:42 +0000] "PUT /api/fallback/routing HTTP/2.0" 200 290 "-" "Mozilla/5.0 (X11; Ubuntu; Linux x86_64; rv:152.0) Gecko/20100101 Firefox/152.0"
95.214.229.47 - - [10/Jul/2026:12:54:43 +0000] "GET /api/fallback/routing HTTP/2.0" 200 21312 "-" "Mozilla/5.0 (X11; Ubuntu; Linux x86_64; rv:152.0) Gecko/20100101 Firefox/152.0"
95.214.229.47 - - [10/Jul/2026:12:54:45 +0000] "GET /api/fallback/penalty-inspector HTTP/2.0" 200 62 "-" "Mozilla/5.0 (X11; Ubuntu; Linux x86_64; rv:152.0) Gecko/20100101 Firefox/152.0"
95.214.229.47 - - [10/Jul/2026:12:54:50 +0000] "GET /api/fallback/penalty-inspector HTTP/2.0" 200 62 "-" "Mozilla/5.0 (X11; Ubuntu; Linux x86_64; rv:152.0) Gecko/20100101 Firefox/152.0"
146.70.11.64 - - [10/Jul/2026:12:54:52 +0000] "GET / HTTP/1.1" 400 650 "-" "Mozilla/5.0 (X11; Linux x86_64) AppleWebKit/537.36 (KHTML, like Gecko) Chrome/137.0.0.0 Safari/537.36"
98.159.36.20 - - [10/Jul/2026:12:54:52 +0000] "GET / HTTP/1.1" 301 162 "-" "Mozilla/5.0 (X11; Linux x86_64) AppleWebKit/537.36 (KHTML, like Gecko) Chrome/137.0.0.0 Safari/537.36"
37.19.223.28 - - [10/Jul/2026:12:54:53 +0000] "GET / HTTP/1.1" 200 884 "-" "Mozilla/5.0 (X11; Linux x86_64) AppleWebKit/537.36 (KHTML, like Gecko) Chrome/137.0.0.0 Safari/537.36"
37.19.223.28 - - [10/Jul/2026:12:54:54 +0000] "GET /favicon.svg HTTP/1.1" 200 549 "-" "Mozilla/5.0 (X11; Linux x86_64) AppleWebKit/537.36 (KHTML, like Gecko) Chrome/136.0.0.0 Safari/537.36"
217.138.193.184 - - [10/Jul/2026:12:54:54 +0000] "GET / HTTP/1.1" 200 884 "http://140.245.241.69:80" "Mozilla/5.0 (X11; Linux x86_64) AppleWebKit/537.36 (KHTML, like Gecko) Chrome/137.0.0.0 Safari/537.36"
98.159.36.20 - - [10/Jul/2026:12:54:54 +0000] "GET /favicon.svg HTTP/1.1" 301 162 "-" "Mozilla/5.0 (X11; Linux x86_64) AppleWebKit/537.36 (KHTML, like Gecko) Chrome/136.0.0.0 Safari/537.36"
217.138.193.184 - - [10/Jul/2026:12:54:54 +0000] "GET /favicon.svg HTTP/1.1" 200 549 "http://140.245.241.69:80/favicon.svg" "Mozilla/5.0 (X11; Linux x86_64) AppleWebKit/537.36 (KHTML, like Gecko) Chrome/136.0.0.0 Safari/537.36"
95.214.229.47 - - [10/Jul/2026:12:54:55 +0000] "GET /api/fallback/penalty-inspector HTTP/2.0" 200 62 "-" "Mozilla/5.0 (X11; Ubuntu; Linux x86_64; rv:152.0) Gecko/20100101 Firefox/152.0"
95.214.229.47 - - [10/Jul/2026:12:54:58 +0000] "GET /api/fallback/routing HTTP/2.0" 304 0 "-" "Mozilla/5.0 (X11; Ubuntu; Linux x86_64; rv:152.0) Gecko/20100101 Firefox/152.0"
95.214.229.47 - - [10/Jul/2026:12:55:00 +0000] "GET /api/fallback/penalty-inspector HTTP/2.0" 200 62 "-" "Mozilla/5.0 (X11; Ubuntu; Linux x86_64; rv:152.0) Gecko/20100101 Firefox/152.0"
95.214.229.47 - - [10/Jul/2026:12:55:06 +0000] "GET /api/fallback/penalty-inspector HTTP/2.0" 200 62 "-" "Mozilla/5.0 (X11; Ubuntu; Linux x86_64; rv:152.0) Gecko/20100101 Firefox/152.0"
95.214.229.47 - - [10/Jul/2026:12:55:11 +0000] "GET /api/fallback/penalty-inspector HTTP/2.0" 200 62 "-" "Mozilla/5.0 (X11; Ubuntu; Linux x86_64; rv:152.0) Gecko/20100101 Firefox/152.0"
95.214.229.47 - - [10/Jul/2026:12:55:13 +0000] "GET /api/fallback/routing HTTP/2.0" 304 0 "-" "Mozilla/5.0 (X11; Ubuntu; Linux x86_64; rv:152.0) Gecko/20100101 Firefox/152.0"
95.214.229.47 - - [10/Jul/2026:12:55:16 +0000] "GET /api/fallback/penalty-inspector HTTP/2.0" 200 62 "-" "Mozilla/5.0 (X11; Ubuntu; Linux x86_64; rv:152.0) Gecko/20100101 Firefox/152.0"
95.214.229.47 - - [10/Jul/2026:12:55:21 +0000] "GET /api/fallback/penalty-inspector HTTP/2.0" 200 62 "-" "Mozilla/5.0 (X11; Ubuntu; Linux x86_64; rv:152.0) Gecko/20100101 Firefox/152.0"
95.214.229.47 - - [10/Jul/2026:12:55:26 +0000] "GET /api/fallback/penalty-inspector HTTP/2.0" 200 62 "-" "Mozilla/5.0 (X11; Ubuntu; Linux x86_64; rv:152.0) Gecko/20100101 Firefox/152.0"
95.214.229.47 - - [10/Jul/2026:12:55:28 +0000] "GET /api/fallback/routing HTTP/2.0" 304 0 "-" "Mozilla/5.0 (X11; Ubuntu; Linux x86_64; rv:152.0) Gecko/20100101 Firefox/152.0"
95.214.229.47 - - [10/Jul/2026:12:55:31 +0000] "GET /api/fallback/penalty-inspector HTTP/2.0" 200 62 "-" "Mozilla/5.0 (X11; Ubuntu; Linux x86_64; rv:152.0) Gecko/20100101 Firefox/152.0"
104.244.74.39 - - [10/Jul/2026:12:55:35 +0000] "HEAD /.env HTTP/1.1" 200 0 "-" "Python/3.13 aiohttp/3.13.5"
104.244.74.39 - - [10/Jul/2026:12:55:35 +0000] "GET /.env HTTP/1.1" 200 884 "-" "Python/3.13 aiohttp/3.13.5"
104.244.74.39 - - [10/Jul/2026:12:55:35 +0000] "HEAD /.env.local HTTP/1.1" 200 0 "-" "Python/3.13 aiohttp/3.13.5"
104.244.74.39 - - [10/Jul/2026:12:55:36 +0000] "GET /.env.local HTTP/1.1" 200 884 "-" "Python/3.13 aiohttp/3.13.5"
95.214.229.47 - - [10/Jul/2026:12:55:36 +0000] "GET /models/chat HTTP/2.0" 200 884 "-" "Mozilla/5.0 (X11; Ubuntu; Linux x86_64; rv:152.0) Gecko/20100101 Firefox/152.0"
104.244.74.39 - - [10/Jul/2026:12:55:36 +0000] "HEAD /.env.prod HTTP/1.1" 200 0 "-" "Python/3.13 aiohttp/3.13.5"
95.214.229.47 - - [10/Jul/2026:12:55:36 +0000] "GET /assets/index-DevFfpqR.js HTTP/2.0" 304 0 "-" "Mozilla/5.0 (X11; Ubuntu; Linux x86_64; rv:152.0) Gecko/20100101 Firefox/152.0"
95.214.229.47 - - [10/Jul/2026:12:55:36 +0000] "GET /assets/index-DlCymppr.css HTTP/2.0" 304 0 "-" "Mozilla/5.0 (X11; Ubuntu; Linux x86_64; rv:152.0) Gecko/20100101 Firefox/152.0"
104.244.74.39 - - [10/Jul/2026:12:55:36 +0000] "GET /.env.prod HTTP/1.1" 200 884 "-" "Python/3.13 aiohttp/3.13.5"
104.244.74.39 - - [10/Jul/2026:12:55:36 +0000] "HEAD /.env.dev HTTP/1.1" 200 0 "-" "Python/3.13 aiohttp/3.13.5"
104.244.74.39 - - [10/Jul/2026:12:55:36 +0000] "GET /.env.dev HTTP/1.1" 200 884 "-" "Python/3.13 aiohttp/3.13.5"
95.214.229.47 - - [10/Jul/2026:12:55:37 +0000] "GET /api/auth/status HTTP/2.0" 304 0 "-" "Mozilla/5.0 (X11; Ubuntu; Linux x86_64; rv:152.0) Gecko/20100101 Firefox/152.0"
95.214.229.47 - - [10/Jul/2026:12:55:37 +0000] "GET /api/fallback/penalty-inspector HTTP/2.0" 200 62 "-" "Mozilla/5.0 (X11; Ubuntu; Linux x86_64; rv:152.0) Gecko/20100101 Firefox/152.0"
95.214.229.47 - - [10/Jul/2026:12:55:37 +0000] "GET /api/fallback/routing HTTP/2.0" 304 0 "-" "Mozilla/5.0 (X11; Ubuntu; Linux x86_64; rv:152.0) Gecko/20100101 Firefox/152.0"
95.214.229.47 - - [10/Jul/2026:12:55:37 +0000] "GET /api/keys HTTP/2.0" 304 0 "-" "Mozilla/5.0 (X11; Ubuntu; Linux x86_64; rv:152.0) Gecko/20100101 Firefox/152.0"
95.214.229.47 - - [10/Jul/2026:12:55:37 +0000] "GET /api/analytics/summary?range=30d HTTP/2.0" 304 0 "-" "Mozilla/5.0 (X11; Ubuntu; Linux x86_64; rv:152.0) Gecko/20100101 Firefox/152.0"
95.214.229.47 - - [10/Jul/2026:12:55:37 +0000] "GET /api/settings/api-key HTTP/2.0" 304 0 "-" "Mozilla/5.0 (X11; Ubuntu; Linux x86_64; rv:152.0) Gecko/20100101 Firefox/152.0"
95.214.229.47 - - [10/Jul/2026:12:55:37 +0000] "GET /api/fallback HTTP/2.0" 304 0 "-" "Mozilla/5.0 (X11; Ubuntu; Linux x86_64; rv:152.0) Gecko/20100101 Firefox/152.0"
95.214.229.47 - - [10/Jul/2026:12:55:37 +0000] "GET /api/fallback/token-usage HTTP/2.0" 304 0 "-" "Mozilla/5.0 (X11; Ubuntu; Linux x86_64; rv:152.0) Gecko/20100101 Firefox/152.0"
207.154.197.113 - - [10/Jul/2026:12:55:40 +0000] "\x16\x03\x01\x05\xDD\x01\x00\x05\xD9\x03\x03\xF3\xBB\xA5u" 400 150 "-" "-"
206.189.225.181 - - [10/Jul/2026:12:55:41 +0000] "LEAKIX" 400 150 "-" "-"
207.154.197.113 - - [10/Jul/2026:12:55:41 +0000] "LEAKIX" 400 150 "-" "-"
207.154.197.113 - - [10/Jul/2026:12:55:41 +0000] "GET / HTTP/1.1" 301 162 "-" "Mozilla/5.0 (l9scan/2.0.9363e2134323e2534323e2034313; +https://leakix.net)"
206.189.225.181 - - [10/Jul/2026:12:55:41 +0000] "GET / HTTP/1.1" 200 884 "-" "Mozilla/5.0 (l9scan/2.0.9363e2134323e2534323e2034313; +https://leakix.net)"
207.154.197.113 - - [10/Jul/2026:12:55:42 +0000] "GET /console/ HTTP/1.1" 301 162 "-" "Mozilla/5.0 (l9scan/2.0.9363e2134323e2534323e2034313; +https://leakix.net)"
206.189.225.181 - - [10/Jul/2026:12:55:42 +0000] "GET /console/ HTTP/1.1" 200 884 "-" "Mozilla/5.0 (l9scan/2.0.9363e2134323e2534323e2034313; +https://leakix.net)"
95.214.229.47 - - [10/Jul/2026:12:55:42 +0000] "GET /api/fallback/penalty-inspector HTTP/2.0" 200 62 "-" "Mozilla/5.0 (X11; Ubuntu; Linux x86_64; rv:152.0) Gecko/20100101 Firefox/152.0"
206.189.225.181 - - [10/Jul/2026:12:55:43 +0000] "t3 12.2.1" 400 150 "-" "-"
206.189.225.181 - - [10/Jul/2026:12:55:43 +0000] "GET /server HTTP/1.1" 200 884 "-" "Mozilla/5.0 (l9scan/2.0.9363e2134323e2534323e2034313; +https://leakix.net)"
207.154.197.113 - - [10/Jul/2026:12:55:43 +0000] "GET /server HTTP/1.1" 301 162 "-" "Mozilla/5.0 (l9scan/2.0.9363e2134323e2534323e2034313; +https://leakix.net)"
207.154.197.113 - - [10/Jul/2026:12:55:44 +0000] "GET /server-status HTTP/1.1" 301 162 "-" "Mozilla/5.0 (l9scan/2.0.9363e2134323e2534323e2034313; +https://leakix.net)"
206.189.225.181 - - [10/Jul/2026:12:55:44 +0000] "GET /server-status HTTP/1.1" 200 884 "-" "Mozilla/5.0 (l9scan/2.0.9363e2134323e2534323e2034313; +https://leakix.net)"
206.189.225.181 - - [10/Jul/2026:12:55:45 +0000] "GET /about HTTP/1.1" 200 884 "-" "Mozilla/5.0 (l9scan/2.0.9363e2134323e2534323e2034313; +https://leakix.net)"
207.154.197.113 - - [10/Jul/2026:12:55:46 +0000] "GET /about HTTP/1.1" 301 162 "-" "Mozilla/5.0 (l9scan/2.0.9363e2134323e2534323e2034313; +https://leakix.net)"
206.189.225.181 - - [10/Jul/2026:12:55:46 +0000] "GET /login.action HTTP/1.1" 200 884 "-" "Mozilla/5.0 (l9scan/2.0.9363e2134323e2534323e2034313; +https://leakix.net)"
206.189.225.181 - - [10/Jul/2026:12:55:47 +0000] "GET / HTTP/1.1" 200 884 "-" "Mozilla/5.0 (l9scan/2.0.9363e2134323e2534323e2034313; +https://leakix.net)"
207.154.197.113 - - [10/Jul/2026:12:55:47 +0000] "GET /login.action HTTP/1.1" 301 162 "-" "Mozilla/5.0 (l9scan/2.0.9363e2134323e2534323e2034313; +https://leakix.net)"
206.189.225.181 - - [10/Jul/2026:12:55:48 +0000] "GET /___proxy_subdomain_whm/login HTTP/1.1" 200 884 "-" "Mozilla/5.0 (l9scan/2.0.9363e2134323e2534323e2034313; +https://leakix.net)"
207.154.197.113 - - [10/Jul/2026:12:55:48 +0000] "GET / HTTP/1.1" 301 162 "-" "Mozilla/5.0 (l9scan/2.0.9363e2134323e2534323e2034313; +https://leakix.net)"
95.214.229.47 - - [10/Jul/2026:12:55:48 +0000] "GET /api/fallback/penalty-inspector HTTP/2.0" 200 62 "-" "Mozilla/5.0 (X11; Ubuntu; Linux x86_64; rv:152.0) Gecko/20100101 Firefox/152.0"
206.189.225.181 - - [10/Jul/2026:12:55:48 +0000] "GET /___proxy_subdomain_cpanel HTTP/1.1" 200 884 "-" "Mozilla/5.0 (l9scan/2.0.9363e2134323e2534323e2034313; +https://leakix.net)"
207.154.197.113 - - [10/Jul/2026:12:55:48 +0000] "GET /___proxy_subdomain_whm/login HTTP/1.1" 301 162 "-" "Mozilla/5.0 (l9scan/2.0.9363e2134323e2534323e2034313; +https://leakix.net)"
207.154.197.113 - - [10/Jul/2026:12:55:49 +0000] "GET /___proxy_subdomain_cpanel HTTP/1.1" 301 162 "-" "Mozilla/5.0 (l9scan/2.0.9363e2134323e2534323e2034313; +https://leakix.net)"
206.189.225.181 - - [10/Jul/2026:12:55:49 +0000] "GET /v2/_catalog HTTP/1.1" 200 884 "-" "Mozilla/5.0 (l9scan/2.0.9363e2134323e2534323e2034313; +https://leakix.net)"
207.154.197.113 - - [10/Jul/2026:12:55:49 +0000] "GET /v2/_catalog HTTP/1.1" 301 162 "-" "Mozilla/5.0 (l9scan/2.0.9363e2134323e2534323e2034313; +https://leakix.net)"
206.189.225.181 - - [10/Jul/2026:12:55:50 +0000] "GET /.DS_Store HTTP/1.1" 200 884 "-" "Mozilla/5.0 (l9scan/2.0.9363e2134323e2534323e2034313; +https://leakix.net)"
207.154.197.113 - - [10/Jul/2026:12:55:50 +0000] "GET /.DS_Store HTTP/1.1" 301 162 "-" "Mozilla/5.0 (l9scan/2.0.9363e2134323e2534323e2034313; +https://leakix.net)"
206.189.225.181 - - [10/Jul/2026:12:55:51 +0000] "GET /.env HTTP/1.1" 200 884 "-" "Mozilla/5.0 (l9scan/2.0.9363e2134323e2534323e2034313; +https://leakix.net)"
207.154.197.113 - - [10/Jul/2026:12:55:51 +0000] "GET /.env HTTP/1.1" 301 162 "-" "Mozilla/5.0 (l9scan/2.0.9363e2134323e2534323e2034313; +https://leakix.net)"
95.214.229.47 - - [10/Jul/2026:12:55:52 +0000] "GET /api/fallback/routing HTTP/2.0" 304 0 "-" "Mozilla/5.0 (X11; Ubuntu; Linux x86_64; rv:152.0) Gecko/20100101 Firefox/152.0"
206.189.225.181 - - [10/Jul/2026:12:55:53 +0000] "GET /ecp/Current/exporttool/microsoft.exchange.ediscovery.exporttool.application HTTP/1.1" 200 884 "-" "Mozilla/5.0 (l9scan/2.0.9363e2134323e2534323e2034313; +https://leakix.net)"
95.214.229.47 - - [10/Jul/2026:12:55:53 +0000] "GET /api/fallback/penalty-inspector HTTP/2.0" 200 62 "-" "Mozilla/5.0 (X11; Ubuntu; Linux x86_64; rv:152.0) Gecko/20100101 Firefox/152.0"
207.154.197.113 - - [10/Jul/2026:12:55:53 +0000] "GET /ecp/Current/exporttool/microsoft.exchange.ediscovery.exporttool.application HTTP/1.1" 301 162 "-" "Mozilla/5.0 (l9scan/2.0.9363e2134323e2534323e2034313; +https://leakix.net)"
206.189.225.181 - - [10/Jul/2026:12:55:55 +0000] "GET /.git/config HTTP/1.1" 200 884 "-" "Mozilla/5.0 (l9scan/2.0.9363e2134323e2534323e2034313; +https://leakix.net)"
207.154.197.113 - - [10/Jul/2026:12:55:55 +0000] "GET /.git/config HTTP/1.1" 301 162 "-" "Mozilla/5.0 (l9scan/2.0.9363e2134323e2534323e2034313; +https://leakix.net)"
206.189.225.181 - - [10/Jul/2026:12:55:56 +0000] "POST /graphql HTTP/1.1" 200 884 "-" "Mozilla/5.0 (l9scan/2.0.9363e2134323e2534323e2034313; +https://leakix.net)"
207.154.197.113 - - [10/Jul/2026:12:55:56 +0000] "POST /graphql HTTP/1.1" 301 162 "-" "Mozilla/5.0 (l9scan/2.0.9363e2134323e2534323e2034313; +https://leakix.net)"
207.154.197.113 - - [10/Jul/2026:12:55:57 +0000] "POST /api HTTP/1.1" 301 162 "-" "Mozilla/5.0 (l9scan/2.0.9363e2134323e2534323e2034313; +https://leakix.net)"
206.189.225.181 - - [10/Jul/2026:12:55:57 +0000] "POST /api HTTP/1.1" 200 884 "-" "Mozilla/5.0 (l9scan/2.0.9363e2134323e2534323e2034313; +https://leakix.net)"
207.154.197.113 - - [10/Jul/2026:12:55:57 +0000] "POST /api/graphql HTTP/1.1" 301 162 "-" "Mozilla/5.0 (l9scan/2.0.9363e2134323e2534323e2034313; +https://leakix.net)"
206.189.225.181 - - [10/Jul/2026:12:55:58 +0000] "POST /api/graphql HTTP/1.1" 404 151 "-" "Mozilla/5.0 (l9scan/2.0.9363e2134323e2534323e2034313; +https://leakix.net)"
207.154.197.113 - - [10/Jul/2026:12:55:58 +0000] "POST /graphql/api HTTP/1.1" 301 162 "-" "Mozilla/5.0 (l9scan/2.0.9363e2134323e2534323e2034313; +https://leakix.net)"
207.154.197.113 - - [10/Jul/2026:12:55:58 +0000] "POST /api/gql HTTP/1.1" 301 162 "-" "Mozilla/5.0 (l9scan/2.0.9363e2134323e2534323e2034313; +https://leakix.net)"
207.154.197.113 - - [10/Jul/2026:12:55:58 +0000] "GET /s/9363e2134323e2534323e2034313/_/;/META-INF/maven/com.atlassian.jira/jira-webapp-dist/pom.properties HTTP/1.1" 301 162 "-" "Mozilla/5.0 (l9scan/2.0.9363e2134323e2534323e2034313; +https://leakix.net)"
206.189.225.181 - - [10/Jul/2026:12:55:58 +0000] "POST /graphql/api HTTP/1.1" 200 884 "-" "Mozilla/5.0 (l9scan/2.0.9363e2134323e2534323e2034313; +https://leakix.net)"
95.214.229.47 - - [10/Jul/2026:12:55:58 +0000] "GET /api/fallback/penalty-inspector HTTP/2.0" 200 62 "-" "Mozilla/5.0 (X11; Ubuntu; Linux x86_64; rv:152.0) Gecko/20100101 Firefox/152.0"
206.189.225.181 - - [10/Jul/2026:12:55:59 +0000] "POST /api/gql HTTP/1.1" 404 147 "-" "Mozilla/5.0 (l9scan/2.0.9363e2134323e2534323e2034313; +https://leakix.net)"
206.189.225.181 - - [10/Jul/2026:12:55:59 +0000] "GET /s/9363e2134323e2534323e2034313/_/;/META-INF/maven/com.atlassian.jira/jira-webapp-dist/pom.properties HTTP/1.1" 200 884 "-" "Mozilla/5.0 (l9scan/2.0.9363e2134323e2534323e2034313; +https://leakix.net)"
207.154.197.113 - - [10/Jul/2026:12:55:59 +0000] "GET /config.json HTTP/1.1" 301 162 "-" "Mozilla/5.0 (l9scan/2.0.9363e2134323e2534323e2034313; +https://leakix.net)"
206.189.225.181 - - [10/Jul/2026:12:56:00 +0000] "GET /config.json HTTP/1.1" 200 884 "-" "Mozilla/5.0 (l9scan/2.0.9363e2134323e2534323e2034313; +https://leakix.net)"
206.189.225.181 - - [10/Jul/2026:12:56:01 +0000] "GET /telescope/requests HTTP/1.1" 200 884 "-" "Mozilla/5.0 (l9scan/2.0.9363e2134323e2534323e2034313; +https://leakix.net)"
207.154.197.113 - - [10/Jul/2026:12:56:02 +0000] "GET /telescope/requests HTTP/1.1" 301 162 "-" "Mozilla/5.0 (l9scan/2.0.9363e2134323e2534323e2034313; +https://leakix.net)"
206.189.225.181 - - [10/Jul/2026:12:56:02 +0000] "GET /info.php HTTP/1.1" 200 884 "-" "Mozilla/5.0 (l9scan/2.0.9363e2134323e2534323e2034313; +https://leakix.net)"
207.154.197.113 - - [10/Jul/2026:12:56:03 +0000] "GET /info.php HTTP/1.1" 301 162 "-" "Mozilla/5.0 (l9scan/2.0.9363e2134323e2534323e2034313; +https://leakix.net)"
206.189.225.181 - - [10/Jul/2026:12:56:03 +0000] "GET /.well-known/security.txt HTTP/1.1" 200 884 "-" "Mozilla/5.0 (l9scan/2.0.9363e2134323e2534323e2034313; +https://leakix.net)"
95.214.229.47 - - [10/Jul/2026:12:56:04 +0000] "GET /api/fallback/penalty-inspector HTTP/2.0" 200 62 "-" "Mozilla/5.0 (X11; Ubuntu; Linux x86_64; rv:152.0) Gecko/20100101 Firefox/152.0"
207.154.197.113 - - [10/Jul/2026:12:56:04 +0000] "GET /.well-known/security.txt HTTP/1.1" 301 162 "-" "Mozilla/5.0 (l9scan/2.0.9363e2134323e2534323e2034313; +https://leakix.net)"
206.189.225.181 - - [10/Jul/2026:12:56:04 +0000] "GET /actuator/env HTTP/1.1" 200 884 "-" "Mozilla/5.0 (l9scan/2.0.9363e2134323e2534323e2034313; +https://leakix.net)"
207.154.197.113 - - [10/Jul/2026:12:56:05 +0000] "GET /actuator/env HTTP/1.1" 301 162 "-" "Mozilla/5.0 (l9scan/2.0.9363e2134323e2534323e2034313; +https://leakix.net)"
206.189.225.181 - - [10/Jul/2026:12:56:05 +0000] "GET /trace.axd HTTP/1.1" 200 884 "-" "Mozilla/5.0 (l9scan/2.0.9363e2134323e2534323e2034313; +https://leakix.net)"
207.154.197.113 - - [10/Jul/2026:12:56:06 +0000] "GET /trace.axd HTTP/1.1" 301 162 "-" "Mozilla/5.0 (l9scan/2.0.9363e2134323e2534323e2034313; +https://leakix.net)"
178.16.54.137 - - [10/Jul/2026:12:56:06 +0000] "GET /.env HTTP/1.1" 301 162 "-" "Mozilla/5.0 (Macintosh; Intel Mac OS X 10_15_7) AppleWebKit/537.36 (KHTML, like Gecko, Yokohama Institute of Information Security  https://www.iisec.ac.jp) Chrome/124.0.0.0 Safari/537.36"
178.16.54.137 - - [10/Jul/2026:12:56:06 +0000] "GET /.git/HEAD HTTP/1.1" 301 162 "-" "Mozilla/5.0 (Macintosh; Intel Mac OS X 10_15_7) AppleWebKit/537.36 (KHTML, like Gecko, Yokohama Institute of Information Security  https://www.iisec.ac.jp) Chrome/124.0.0.0 Safari/537.36"
178.16.54.137 - - [10/Jul/2026:12:56:06 +0000] "GET /.env HTTP/2.0" 200 884 "-" "Mozilla/5.0 (Macintosh; Intel Mac OS X 10_15_7) AppleWebKit/537.36 (KHTML, like Gecko, Yokohama Institute of Information Security  https://www.iisec.ac.jp) Chrome/124.0.0.0 Safari/537.36"
206.189.225.181 - - [10/Jul/2026:12:56:06 +0000] "GET /@vite/env HTTP/1.1" 200 884 "-" "Mozilla/5.0 (l9scan/2.0.9363e2134323e2534323e2034313; +https://leakix.net)"
207.154.197.113 - - [10/Jul/2026:12:56:07 +0000] "GET /@vite/env HTTP/1.1" 301 162 "-" "Mozilla/5.0 (l9scan/2.0.9363e2134323e2534323e2034313; +https://leakix.net)"
178.16.54.137 - - [10/Jul/2026:12:56:07 +0000] "GET /.env.backup HTTP/1.1" 301 162 "-" "Mozilla/5.0 (Macintosh; Intel Mac OS X 10_15_7) AppleWebKit/537.36 (KHTML, like Gecko, Yokohama Institute of Information Security  https://www.iisec.ac.jp) Chrome/124.0.0.0 Safari/537.36"
178.16.54.137 - - [10/Jul/2026:12:56:07 +0000] "GET /.env.old HTTP/1.1" 301 162 "-" "Mozilla/5.0 (Macintosh; Intel Mac OS X 10_15_7) AppleWebKit/537.36 (KHTML, like Gecko, Yokohama Institute of Information Security  https://www.iisec.ac.jp) Chrome/124.0.0.0 Safari/537.36"
178.16.54.137 - - [10/Jul/2026:12:56:07 +0000] "GET /.git/HEAD HTTP/2.0" 200 884 "-" "Mozilla/5.0 (Macintosh; Intel Mac OS X 10_15_7) AppleWebKit/537.36 (KHTML, like Gecko, Yokohama Institute of Information Security  https://www.iisec.ac.jp) Chrome/124.0.0.0 Safari/537.36"
178.16.54.137 - - [10/Jul/2026:12:56:07 +0000] "GET /.env.save HTTP/1.1" 301 162 "-" "Mozilla/5.0 (Macintosh; Intel Mac OS X 10_15_7) AppleWebKit/537.36 (KHTML, like Gecko, Yokohama Institute of Information Security  https://www.iisec.ac.jp) Chrome/124.0.0.0 Safari/537.36"
178.16.54.137 - - [10/Jul/2026:12:56:07 +0000] "GET /.env.backup HTTP/2.0" 200 884 "-" "Mozilla/5.0 (Macintosh; Intel Mac OS X 10_15_7) AppleWebKit/537.36 (KHTML, like Gecko, Yokohama Institute of Information Security  https://www.iisec.ac.jp) Chrome/124.0.0.0 Safari/537.36"
206.189.225.181 - - [10/Jul/2026:12:56:07 +0000] "GET /.vscode/sftp.json HTTP/1.1" 200 884 "-" "Mozilla/5.0 (l9scan/2.0.9363e2134323e2534323e2034313; +https://leakix.net)"
178.16.54.137 - - [10/Jul/2026:12:56:07 +0000] "GET /.env.bak HTTP/1.1" 301 162 "-" "Mozilla/5.0 (Macintosh; Intel Mac OS X 10_15_7) AppleWebKit/537.36 (KHTML, like Gecko, Yokohama Institute of Information Security  https://www.iisec.ac.jp) Chrome/124.0.0.0 Safari/537.36"
178.16.54.137 - - [10/Jul/2026:12:56:07 +0000] "GET /.env.old HTTP/2.0" 200 884 "-" "Mozilla/5.0 (Macintosh; Intel Mac OS X 10_15_7) AppleWebKit/537.36 (KHTML, like Gecko, Yokohama Institute of Information Security  https://www.iisec.ac.jp) Chrome/124.0.0.0 Safari/537.36"
207.154.197.113 - - [10/Jul/2026:12:56:08 +0000] "GET /.vscode/sftp.json HTTP/1.1" 301 162 "-" "Mozilla/5.0 (l9scan/2.0.9363e2134323e2534323e2034313; +https://leakix.net)"
178.16.54.137 - - [10/Jul/2026:12:56:08 +0000] "GET /.env.prod HTTP/1.1" 301 162 "-" "Mozilla/5.0 (Macintosh; Intel Mac OS X 10_15_7) AppleWebKit/537.36 (KHTML, like Gecko, Yokohama Institute of Information Security  https://www.iisec.ac.jp) Chrome/124.0.0.0 Safari/537.36"
95.214.229.47 - - [10/Jul/2026:12:56:08 +0000] "GET /api/fallback/routing HTTP/2.0" 304 0 "-" "Mozilla/5.0 (X11; Ubuntu; Linux x86_64; rv:152.0) Gecko/20100101 Firefox/152.0"
178.16.54.137 - - [10/Jul/2026:12:56:08 +0000] "GET /.env.save HTTP/2.0" 200 884 "-" "Mozilla/5.0 (Macintosh; Intel Mac OS X 10_15_7) AppleWebKit/537.36 (KHTML, like Gecko, Yokohama Institute of Information Security  https://www.iisec.ac.jp) Chrome/124.0.0.0 Safari/537.36"
206.189.225.181 - - [10/Jul/2026:12:56:08 +0000] "OPTIONS / HTTP/1.1" 204 0 "-" "Mozilla/5.0 (l9scan/2.0.9363e2134323e2534323e2034313; +https://leakix.net)"
178.16.54.137 - - [10/Jul/2026:12:56:08 +0000] "GET /.env.production HTTP/1.1" 301 162 "-" "Mozilla/5.0 (Macintosh; Intel Mac OS X 10_15_7) AppleWebKit/537.36 (KHTML, like Gecko, Yokohama Institute of Information Security  https://www.iisec.ac.jp) Chrome/124.0.0.0 Safari/537.36"
178.16.54.137 - - [10/Jul/2026:12:56:08 +0000] "GET /.env.bak HTTP/2.0" 200 884 "-" "Mozilla/5.0 (Macintosh; Intel Mac OS X 10_15_7) AppleWebKit/537.36 (KHTML, like Gecko, Yokohama Institute of Information Security  https://www.iisec.ac.jp) Chrome/124.0.0.0 Safari/537.36"
207.154.197.113 - - [10/Jul/2026:12:56:09 +0000] "OPTIONS / HTTP/1.1" 301 162 "-" "Mozilla/5.0 (l9scan/2.0.9363e2134323e2534323e2034313; +https://leakix.net)"
178.16.54.137 - - [10/Jul/2026:12:56:09 +0000] "GET /.env.staging HTTP/1.1" 301 162 "-" "Mozilla/5.0 (Macintosh; Intel Mac OS X 10_15_7) AppleWebKit/537.36 (KHTML, like Gecko, Yokohama Institute of Information Security  https://www.iisec.ac.jp) Chrome/124.0.0.0 Safari/537.36"
95.214.229.47 - - [10/Jul/2026:12:56:09 +0000] "GET /api/keys HTTP/2.0" 304 0 "-" "Mozilla/5.0 (X11; Ubuntu; Linux x86_64; rv:152.0) Gecko/20100101 Firefox/152.0"
95.214.229.47 - - [10/Jul/2026:12:56:09 +0000] "GET /api/health HTTP/2.0" 200 43 "-" "Mozilla/5.0 (X11; Ubuntu; Linux x86_64; rv:152.0) Gecko/20100101 Firefox/152.0"
95.214.229.47 - - [10/Jul/2026:12:56:09 +0000] "GET /api/settings/proxy HTTP/2.0" 304 0 "-" "Mozilla/5.0 (X11; Ubuntu; Linux x86_64; rv:152.0) Gecko/20100101 Firefox/152.0"
178.16.54.137 - - [10/Jul/2026:12:56:09 +0000] "GET /.env.prod HTTP/2.0" 200 884 "-" "Mozilla/5.0 (Macintosh; Intel Mac OS X 10_15_7) AppleWebKit/537.36 (KHTML, like Gecko, Yokohama Institute of Information Security  https://www.iisec.ac.jp) Chrome/124.0.0.0 Safari/537.36"
206.189.225.181 - - [10/Jul/2026:12:56:09 +0000] "GET /?rest_route=/wp/v2/users/ HTTP/1.1" 200 884 "-" "Mozilla/5.0 (l9scan/2.0.9363e2134323e2534323e2034313; +https://leakix.net)"
178.16.54.137 - - [10/Jul/2026:12:56:10 +0000] "GET /.env.local HTTP/1.1" 301 162 "-" "Mozilla/5.0 (Macintosh; Intel Mac OS X 10_15_7) AppleWebKit/537.36 (KHTML, like Gecko, Yokohama Institute of Information Security  https://www.iisec.ac.jp) Chrome/124.0.0.0 Safari/537.36"
207.154.197.113 - - [10/Jul/2026:12:56:10 +0000] "GET /?rest_route=/wp/v2/users/ HTTP/1.1" 301 162 "-" "Mozilla/5.0 (l9scan/2.0.9363e2134323e2534323e2034313; +https://leakix.net)"
178.16.54.137 - - [10/Jul/2026:12:56:10 +0000] "GET /.env.production HTTP/2.0" 200 884 "-" "Mozilla/5.0 (Macintosh; Intel Mac OS X 10_15_7) AppleWebKit/537.36 (KHTML, like Gecko, Yokohama Institute of Information Security  https://www.iisec.ac.jp) Chrome/124.0.0.0 Safari/537.36"
178.16.54.137 - - [10/Jul/2026:12:56:10 +0000] "GET /.envrc HTTP/1.1" 301 162 "-" "Mozilla/5.0 (Macintosh; Intel Mac OS X 10_15_7) AppleWebKit/537.36 (KHTML, like Gecko, Yokohama Institute of Information Security  https://www.iisec.ac.jp) Chrome/124.0.0.0 Safari/537.36"
206.189.225.181 - - [10/Jul/2026:12:56:10 +0000] "GET /debug/default/view?panel=config HTTP/1.1" 200 884 "-" "Mozilla/5.0 (l9scan/2.0.9363e2134323e2534323e2034313; +https://leakix.net)"
178.16.54.137 - - [10/Jul/2026:12:56:10 +0000] "GET /env HTTP/1.1" 301 162 "-" "Mozilla/5.0 (Macintosh; Intel Mac OS X 10_15_7) AppleWebKit/537.36 (KHTML, like Gecko, Yokohama Institute of Information Security  https://www.iisec.ac.jp) Chrome/124.0.0.0 Safari/537.36"
178.16.54.137 - - [10/Jul/2026:12:56:10 +0000] "GET /.env.staging HTTP/2.0" 200 884 "-" "Mozilla/5.0 (Macintosh; Intel Mac OS X 10_15_7) AppleWebKit/537.36 (KHTML, like Gecko, Yokohama Institute of Information Security  https://www.iisec.ac.jp) Chrome/124.0.0.0 Safari/537.36"
207.154.197.113 - - [10/Jul/2026:12:56:11 +0000] "GET /debug/default/view?panel=config HTTP/1.1" 301 162 "-" "Mozilla/5.0 (l9scan/2.0.9363e2134323e2534323e2034313; +https://leakix.net)"
178.16.54.137 - - [10/Jul/2026:12:56:11 +0000] "GET /config/.env HTTP/1.1" 301 162 "-" "Mozilla/5.0 (Macintosh; Intel Mac OS X 10_15_7) AppleWebKit/537.36 (KHTML, like Gecko, Yokohama Institute of Information Security  https://www.iisec.ac.jp) Chrome/124.0.0.0 Safari/537.36"
178.16.54.137 - - [10/Jul/2026:12:56:11 +0000] "GET /.env.local HTTP/2.0" 200 884 "-" "Mozilla/5.0 (Macintosh; Intel Mac OS X 10_15_7) AppleWebKit/537.36 (KHTML, like Gecko, Yokohama Institute of Information Security  https://www.iisec.ac.jp) Chrome/124.0.0.0 Safari/537.36"
178.16.54.137 - - [10/Jul/2026:12:56:11 +0000] "GET /app/.env HTTP/1.1" 301 162 "-" "Mozilla/5.0 (Macintosh; Intel Mac OS X 10_15_7) AppleWebKit/537.36 (KHTML, like Gecko, Yokohama Institute of Information Security  https://www.iisec.ac.jp) Chrome/124.0.0.0 Safari/537.36"
178.16.54.137 - - [10/Jul/2026:12:56:12 +0000] "GET /.envrc HTTP/2.0" 200 884 "-" "Mozilla/5.0 (Macintosh; Intel Mac OS X 10_15_7) AppleWebKit/537.36 (KHTML, like Gecko, Yokohama Institute of Information Security  https://www.iisec.ac.jp) Chrome/124.0.0.0 Safari/537.36"
178.16.54.137 - - [10/Jul/2026:12:56:12 +0000] "GET /env HTTP/2.0" 200 884 "-" "Mozilla/5.0 (Macintosh; Intel Mac OS X 10_15_7) AppleWebKit/537.36 (KHTML, like Gecko, Yokohama Institute of Information Security  https://www.iisec.ac.jp) Chrome/124.0.0.0 Safari/537.36"
178.16.54.137 - - [10/Jul/2026:12:56:12 +0000] "GET /../.env HTTP/1.1" 400 150 "-" "-"
178.16.54.137 - - [10/Jul/2026:12:56:12 +0000] "GET /config/.env HTTP/2.0" 200 884 "-" "Mozilla/5.0 (Macintosh; Intel Mac OS X 10_15_7) AppleWebKit/537.36 (KHTML, like Gecko, Yokohama Institute of Information Security  https://www.iisec.ac.jp) Chrome/124.0.0.0 Safari/537.36"
178.16.54.137 - - [10/Jul/2026:12:56:12 +0000] "GET /app/.env HTTP/2.0" 200 884 "-" "Mozilla/5.0 (Macintosh; Intel Mac OS X 10_15_7) AppleWebKit/537.36 (KHTML, like Gecko, Yokohama Institute of Information Security  https://www.iisec.ac.jp) Chrome/124.0.0.0 Safari/537.36"
178.16.54.137 - - [10/Jul/2026:12:56:13 +0000] "-" 400 150 "-" "-"
95.214.229.47 - - [10/Jul/2026:12:56:34 +0000] "POST /api/keys HTTP/2.0" 201 134 "-" "Mozilla/5.0 (X11; Ubuntu; Linux x86_64; rv:152.0) Gecko/20100101 Firefox/152.0"
95.214.229.47 - - [10/Jul/2026:12:56:34 +0000] "GET /api/keys HTTP/2.0" 200 202 "-" "Mozilla/5.0 (X11; Ubuntu; Linux x86_64; rv:152.0) Gecko/20100101 Firefox/152.0"
95.214.229.47 - - [10/Jul/2026:12:56:34 +0000] "GET /api/health HTTP/2.0" 200 338 "-" "Mozilla/5.0 (X11; Ubuntu; Linux x86_64; rv:152.0) Gecko/20100101 Firefox/152.0"
149.50.96.188 - - [10/Jul/2026:12:56:36 +0000] "GET / HTTP/1.1" 200 884 "-" "Mozilla/5.0 (Windows NT 10.0; Win64; x64) AppleWebKit/537.36 (KHTML, like Gecko) Chrome/148.0.0.0 Safari/537.36"
149.50.96.188 - - [10/Jul/2026:12:56:39 +0000] "GET /assets/index-DevFfpqR.js HTTP/1.1" 200 1389592 "-" "Mozilla/5.0 (Windows NT 10.0; Win64; x64) AppleWebKit/537.36 (KHTML, like Gecko) Chrome/148.0.0.0 Safari/537.36"
95.214.229.47 - - [10/Jul/2026:12:56:55 +0000] "POST /api/keys HTTP/2.0" 201 125 "-" "Mozilla/5.0 (X11; Ubuntu; Linux x86_64; rv:152.0) Gecko/20100101 Firefox/152.0"
95.214.229.47 - - [10/Jul/2026:12:56:55 +0000] "GET /api/keys HTTP/2.0" 200 394 "-" "Mozilla/5.0 (X11; Ubuntu; Linux x86_64; rv:152.0) Gecko/20100101 Firefox/152.0"
95.214.229.47 - - [10/Jul/2026:12:56:55 +0000] "GET /api/health HTTP/2.0" 200 473 "-" "Mozilla/5.0 (X11; Ubuntu; Linux x86_64; rv:152.0) Gecko/20100101 Firefox/152.0"
95.214.229.47 - - [10/Jul/2026:12:57:02 +0000] "PATCH /api/keys/1 HTTP/2.0" 200 33 "-" "Mozilla/5.0 (X11; Ubuntu; Linux x86_64; rv:152.0) Gecko/20100101 Firefox/152.0"
95.214.229.47 - - [10/Jul/2026:12:57:02 +0000] "PATCH /api/keys/1 HTTP/2.0" 200 33 "-" "Mozilla/5.0 (X11; Ubuntu; Linux x86_64; rv:152.0) Gecko/20100101 Firefox/152.0"
95.214.229.47 - - [10/Jul/2026:12:57:03 +0000] "GET /api/keys HTTP/2.0" 200 385 "-" "Mozilla/5.0 (X11; Ubuntu; Linux x86_64; rv:152.0) Gecko/20100101 Firefox/152.0"
95.214.229.47 - - [10/Jul/2026:12:57:03 +0000] "GET /api/keys HTTP/2.0" 304 0 "-" "Mozilla/5.0 (X11; Ubuntu; Linux x86_64; rv:152.0) Gecko/20100101 Firefox/152.0"
95.214.229.47 - - [10/Jul/2026:12:57:17 +0000] "POST /api/keys HTTP/2.0" 201 125 "-" "Mozilla/5.0 (X11; Ubuntu; Linux x86_64; rv:152.0) Gecko/20100101 Firefox/152.0"
95.214.229.47 - - [10/Jul/2026:12:57:17 +0000] "GET /api/keys HTTP/2.0" 200 577 "-" "Mozilla/5.0 (X11; Ubuntu; Linux x86_64; rv:152.0) Gecko/20100101 Firefox/152.0"
95.214.229.47 - - [10/Jul/2026:12:57:17 +0000] "GET /api/health HTTP/2.0" 200 599 "-" "Mozilla/5.0 (X11; Ubuntu; Linux x86_64; rv:152.0) Gecko/20100101 Firefox/152.0"
104.244.74.39 - - [10/Jul/2026:12:57:27 +0000] "HEAD /.env HTTP/1.1" 200 0 "-" "Python/3.13 aiohttp/3.13.5"
104.244.74.39 - - [10/Jul/2026:12:57:27 +0000] "GET /.env HTTP/1.1" 200 884 "-" "Python/3.13 aiohttp/3.13.5"
104.244.74.39 - - [10/Jul/2026:12:57:28 +0000] "HEAD /.env.local HTTP/1.1" 200 0 "-" "Python/3.13 aiohttp/3.13.5"
104.244.74.39 - - [10/Jul/2026:12:57:28 +0000] "GET /.env.local HTTP/1.1" 200 884 "-" "Python/3.13 aiohttp/3.13.5"
104.244.74.39 - - [10/Jul/2026:12:57:28 +0000] "HEAD /.env.prod HTTP/1.1" 200 0 "-" "Python/3.13 aiohttp/3.13.5"
104.244.74.39 - - [10/Jul/2026:12:57:29 +0000] "GET /.env.prod HTTP/1.1" 200 884 "-" "Python/3.13 aiohttp/3.13.5"
104.244.74.39 - - [10/Jul/2026:12:57:29 +0000] "HEAD /.env.dev HTTP/1.1" 200 0 "-" "Python/3.13 aiohttp/3.13.5"
178.16.54.137 - - [10/Jul/2026:12:57:29 +0000] "GET /.env HTTP/1.1" 301 162 "-" "Mozilla/5.0 (Macintosh; Intel Mac OS X 10_15_7) AppleWebKit/537.36 (KHTML, like Gecko, Yokohama Institute of Information Security  https://www.iisec.ac.jp) Chrome/124.0.0.0 Safari/537.36"
104.244.74.39 - - [10/Jul/2026:12:57:30 +0000] "GET /.env.dev HTTP/1.1" 200 884 "-" "Python/3.13 aiohttp/3.13.5"
178.16.54.137 - - [10/Jul/2026:12:57:30 +0000] "GET /.env HTTP/2.0" 200 884 "-" "Mozilla/5.0 (Macintosh; Intel Mac OS X 10_15_7) AppleWebKit/537.36 (KHTML, like Gecko, Yokohama Institute of Information Security  https://www.iisec.ac.jp) Chrome/124.0.0.0 Safari/537.36"
178.16.54.137 - - [10/Jul/2026:12:57:30 +0000] "GET /.git/HEAD HTTP/1.1" 301 162 "-" "Mozilla/5.0 (Macintosh; Intel Mac OS X 10_15_7) AppleWebKit/537.36 (KHTML, like Gecko, Yokohama Institute of Information Security  https://www.iisec.ac.jp) Chrome/124.0.0.0 Safari/537.36"
178.16.54.137 - - [10/Jul/2026:12:57:30 +0000] "GET /.git/HEAD HTTP/2.0" 200 884 "-" "Mozilla/5.0 (Macintosh; Intel Mac OS X 10_15_7) AppleWebKit/537.36 (KHTML, like Gecko, Yokohama Institute of Information Security  https://www.iisec.ac.jp) Chrome/124.0.0.0 Safari/537.36"
178.16.54.137 - - [10/Jul/2026:12:57:30 +0000] "GET /.env.backup HTTP/1.1" 301 162 "-" "Mozilla/5.0 (Macintosh; Intel Mac OS X 10_15_7) AppleWebKit/537.36 (KHTML, like Gecko, Yokohama Institute of Information Security  https://www.iisec.ac.jp) Chrome/124.0.0.0 Safari/537.36"
178.16.54.137 - - [10/Jul/2026:12:57:30 +0000] "GET /.env.backup HTTP/2.0" 200 884 "-" "Mozilla/5.0 (Macintosh; Intel Mac OS X 10_15_7) AppleWebKit/537.36 (KHTML, like Gecko, Yokohama Institute of Information Security  https://www.iisec.ac.jp) Chrome/124.0.0.0 Safari/537.36"
178.16.54.137 - - [10/Jul/2026:12:57:30 +0000] "GET /.env.old HTTP/1.1" 301 162 "-" "Mozilla/5.0 (Macintosh; Intel Mac OS X 10_15_7) AppleWebKit/537.36 (KHTML, like Gecko, Yokohama Institute of Information Security  https://www.iisec.ac.jp) Chrome/124.0.0.0 Safari/537.36"
178.16.54.137 - - [10/Jul/2026:12:57:30 +0000] "GET /.env.save HTTP/1.1" 301 162 "-" "Mozilla/5.0 (Macintosh; Intel Mac OS X 10_15_7) AppleWebKit/537.36 (KHTML, like Gecko, Yokohama Institute of Information Security  https://www.iisec.ac.jp) Chrome/124.0.0.0 Safari/537.36"
178.16.54.137 - - [10/Jul/2026:12:57:30 +0000] "GET /.env.old HTTP/2.0" 200 884 "-" "Mozilla/5.0 (Macintosh; Intel Mac OS X 10_15_7) AppleWebKit/537.36 (KHTML, like Gecko, Yokohama Institute of Information Security  https://www.iisec.ac.jp) Chrome/124.0.0.0 Safari/537.36"
178.16.54.137 - - [10/Jul/2026:12:57:31 +0000] "GET /.env.bak HTTP/1.1" 301 162 "-" "Mozilla/5.0 (Macintosh; Intel Mac OS X 10_15_7) AppleWebKit/537.36 (KHTML, like Gecko, Yokohama Institute of Information Security  https://www.iisec.ac.jp) Chrome/124.0.0.0 Safari/537.36"
178.16.54.137 - - [10/Jul/2026:12:57:31 +0000] "GET /.env.save HTTP/2.0" 200 884 "-" "Mozilla/5.0 (Macintosh; Intel Mac OS X 10_15_7) AppleWebKit/537.36 (KHTML, like Gecko, Yokohama Institute of Information Security  https://www.iisec.ac.jp) Chrome/124.0.0.0 Safari/537.36"
178.16.54.137 - - [10/Jul/2026:12:57:31 +0000] "GET /.env.prod HTTP/1.1" 301 162 "-" "Mozilla/5.0 (Macintosh; Intel Mac OS X 10_15_7) AppleWebKit/537.36 (KHTML, like Gecko, Yokohama Institute of Information Security  https://www.iisec.ac.jp) Chrome/124.0.0.0 Safari/537.36"
178.16.54.137 - - [10/Jul/2026:12:57:31 +0000] "GET /.env.bak HTTP/2.0" 200 884 "-" "Mozilla/5.0 (Macintosh; Intel Mac OS X 10_15_7) AppleWebKit/537.36 (KHTML, like Gecko, Yokohama Institute of Information Security  https://www.iisec.ac.jp) Chrome/124.0.0.0 Safari/537.36"
178.16.54.137 - - [10/Jul/2026:12:57:31 +0000] "GET /.env.production HTTP/1.1" 301 162 "-" "Mozilla/5.0 (Macintosh; Intel Mac OS X 10_15_7) AppleWebKit/537.36 (KHTML, like Gecko, Yokohama Institute of Information Security  https://www.iisec.ac.jp) Chrome/124.0.0.0 Safari/537.36"
178.16.54.137 - - [10/Jul/2026:12:57:31 +0000] "GET /.env.prod HTTP/2.0" 200 884 "-" "Mozilla/5.0 (Macintosh; Intel Mac OS X 10_15_7) AppleWebKit/537.36 (KHTML, like Gecko, Yokohama Institute of Information Security  https://www.iisec.ac.jp) Chrome/124.0.0.0 Safari/537.36"
178.16.54.137 - - [10/Jul/2026:12:57:31 +0000] "GET /.env.staging HTTP/1.1" 301 162 "-" "Mozilla/5.0 (Macintosh; Intel Mac OS X 10_15_7) AppleWebKit/537.36 (KHTML, like Gecko, Yokohama Institute of Information Security  https://www.iisec.ac.jp) Chrome/124.0.0.0 Safari/537.36"
178.16.54.137 - - [10/Jul/2026:12:57:31 +0000] "GET /.env.production HTTP/2.0" 200 884 "-" "Mozilla/5.0 (Macintosh; Intel Mac OS X 10_15_7) AppleWebKit/537.36 (KHTML, like Gecko, Yokohama Institute of Information Security  https://www.iisec.ac.jp) Chrome/124.0.0.0 Safari/537.36"
178.16.54.137 - - [10/Jul/2026:12:57:31 +0000] "GET /.env.local HTTP/1.1" 301 162 "-" "Mozilla/5.0 (Macintosh; Intel Mac OS X 10_15_7) AppleWebKit/537.36 (KHTML, like Gecko, Yokohama Institute of Information Security  https://www.iisec.ac.jp) Chrome/124.0.0.0 Safari/537.36"
178.16.54.137 - - [10/Jul/2026:12:57:31 +0000] "GET /.env.staging HTTP/2.0" 200 884 "-" "Mozilla/5.0 (Macintosh; Intel Mac OS X 10_15_7) AppleWebKit/537.36 (KHTML, like Gecko, Yokohama Institute of Information Security  https://www.iisec.ac.jp) Chrome/124.0.0.0 Safari/537.36"
178.16.54.137 - - [10/Jul/2026:12:57:31 +0000] "GET /.envrc HTTP/1.1" 301 162 "-" "Mozilla/5.0 (Macintosh; Intel Mac OS X 10_15_7) AppleWebKit/537.36 (KHTML, like Gecko, Yokohama Institute of Information Security  https://www.iisec.ac.jp) Chrome/124.0.0.0 Safari/537.36"
178.16.54.137 - - [10/Jul/2026:12:57:32 +0000] "GET /.env.local HTTP/2.0" 200 884 "-" "Mozilla/5.0 (Macintosh; Intel Mac OS X 10_15_7) AppleWebKit/537.36 (KHTML, like Gecko, Yokohama Institute of Information Security  https://www.iisec.ac.jp) Chrome/124.0.0.0 Safari/537.36"
178.16.54.137 - - [10/Jul/2026:12:57:32 +0000] "GET /env HTTP/1.1" 301 162 "-" "Mozilla/5.0 (Macintosh; Intel Mac OS X 10_15_7) AppleWebKit/537.36 (KHTML, like Gecko, Yokohama Institute of Information Security  https://www.iisec.ac.jp) Chrome/124.0.0.0 Safari/537.36"
178.16.54.137 - - [10/Jul/2026:12:57:32 +0000] "GET /.envrc HTTP/2.0" 200 884 "-" "Mozilla/5.0 (Macintosh; Intel Mac OS X 10_15_7) AppleWebKit/537.36 (KHTML, like Gecko, Yokohama Institute of Information Security  https://www.iisec.ac.jp) Chrome/124.0.0.0 Safari/537.36"
178.16.54.137 - - [10/Jul/2026:12:57:32 +0000] "GET /config/.env HTTP/1.1" 301 162 "-" "Mozilla/5.0 (Macintosh; Intel Mac OS X 10_15_7) AppleWebKit/537.36 (KHTML, like Gecko, Yokohama Institute of Information Security  https://www.iisec.ac.jp) Chrome/124.0.0.0 Safari/537.36"
178.16.54.137 - - [10/Jul/2026:12:57:32 +0000] "GET /env HTTP/2.0" 200 884 "-" "Mozilla/5.0 (Macintosh; Intel Mac OS X 10_15_7) AppleWebKit/537.36 (KHTML, like Gecko, Yokohama Institute of Information Security  https://www.iisec.ac.jp) Chrome/124.0.0.0 Safari/537.36"
178.16.54.137 - - [10/Jul/2026:12:57:32 +0000] "GET /app/.env HTTP/1.1" 301 162 "-" "Mozilla/5.0 (Macintosh; Intel Mac OS X 10_15_7) AppleWebKit/537.36 (KHTML, like Gecko, Yokohama Institute of Information Security  https://www.iisec.ac.jp) Chrome/124.0.0.0 Safari/537.36"
178.16.54.137 - - [10/Jul/2026:12:57:32 +0000] "GET /config/.env HTTP/2.0" 200 884 "-" "Mozilla/5.0 (Macintosh; Intel Mac OS X 10_15_7) AppleWebKit/537.36 (KHTML, like Gecko, Yokohama Institute of Information Security  https://www.iisec.ac.jp) Chrome/124.0.0.0 Safari/537.36"
178.16.54.137 - - [10/Jul/2026:12:57:32 +0000] "GET /app/.env HTTP/2.0" 200 884 "-" "Mozilla/5.0 (Macintosh; Intel Mac OS X 10_15_7) AppleWebKit/537.36 (KHTML, like Gecko, Yokohama Institute of Information Security  https://www.iisec.ac.jp) Chrome/124.0.0.0 Safari/537.36"
178.16.54.137 - - [10/Jul/2026:12:57:32 +0000] "GET /../.env HTTP/1.1" 400 150 "-" "-"
178.16.54.137 - - [10/Jul/2026:12:57:33 +0000] "-" 400 150 "-" "-"
95.214.229.47 - - [10/Jul/2026:12:57:47 +0000] "GET /api/health HTTP/2.0" 304 0 "-" "Mozilla/5.0 (X11; Ubuntu; Linux x86_64; rv:152.0) Gecko/20100101 Firefox/152.0"
95.214.229.47 - - [10/Jul/2026:12:57:51 +0000] "POST /api/keys HTTP/2.0" 201 470 "-" "Mozilla/5.0 (X11; Ubuntu; Linux x86_64; rv:152.0) Gecko/20100101 Firefox/152.0"
95.214.229.47 - - [10/Jul/2026:12:57:51 +0000] "GET /api/keys HTTP/2.0" 200 780 "-" "Mozilla/5.0 (X11; Ubuntu; Linux x86_64; rv:152.0) Gecko/20100101 Firefox/152.0"
95.214.229.47 - - [10/Jul/2026:12:57:51 +0000] "GET /api/health HTTP/2.0" 200 903 "-" "Mozilla/5.0 (X11; Ubuntu; Linux x86_64; rv:152.0) Gecko/20100101 Firefox/152.0"
95.214.229.47 - - [10/Jul/2026:12:58:09 +0000] "POST /api/keys HTTP/2.0" 201 127 "-" "Mozilla/5.0 (X11; Ubuntu; Linux x86_64; rv:152.0) Gecko/20100101 Firefox/152.0"
95.214.229.47 - - [10/Jul/2026:12:58:10 +0000] "GET /api/keys HTTP/2.0" 200 974 "-" "Mozilla/5.0 (X11; Ubuntu; Linux x86_64; rv:152.0) Gecko/20100101 Firefox/152.0"
95.214.229.47 - - [10/Jul/2026:12:58:10 +0000] "GET /api/health HTTP/2.0" 200 1194 "-" "Mozilla/5.0 (X11; Ubuntu; Linux x86_64; rv:152.0) Gecko/20100101 Firefox/152.0"
